[doc.ruoyi.vip/ruoyi/index.html]
[backblue.gif]
[fade.gif]
[index.html]
[doc.ruoyi.vip/js/ruoyi.js]
[doc.ruoyi.vip/assets/css/0.styles.495d9abf.css]
[doc.ruoyi.vip/assets/js/67.0405abe2.js]
[doc.ruoyi.vip/assets/js/2.0aa5acf3.js]
[doc.ruoyi.vip/assets/js/10.ae9096b5.js]
[doc.ruoyi.vip/assets/js/12.78e2b703.js]
[doc.ruoyi.vip/assets/js/13.24f11a39.js]
[doc.ruoyi.vip/assets/js/14.a6b52f12.js]
[doc.ruoyi.vip/assets/js/11.376cf456.js]
[doc.ruoyi.vip/assets/js/15.560d8f40.js]
[doc.ruoyi.vip/assets/js/18.c2be1e3f.js]
[doc.ruoyi.vip/assets/js/17.c86c21c8.js]
[doc.ruoyi.vip/assets/js/16.b11afdc6.js]
[doc.ruoyi.vip/assets/js/20.899376a7.js]
[doc.ruoyi.vip/assets/js/19.f687b868.js]
[doc.ruoyi.vip/assets/js/22.b08f56f9.js]
[doc.ruoyi.vip/assets/js/23.42877574.js]
[doc.ruoyi.vip/assets/js/24.dda4d1d0.js]
[doc.ruoyi.vip/assets/js/25.cab7198e.js]
[doc.ruoyi.vip/assets/js/26.f0b7b0d5.js]
[doc.ruoyi.vip/assets/js/21.c3755f70.js]
[doc.ruoyi.vip/assets/js/27.038c6529.js]
[doc.ruoyi.vip/assets/js/28.21ad396e.js]
[doc.ruoyi.vip/assets/js/29.1b99a52d.js]
[doc.ruoyi.vip/assets/js/3.d380cab4.js]
[doc.ruoyi.vip/assets/js/app.fa714f23.js]
[doc.ruoyi.vip/assets/js/30.2e072cb4.js]
[doc.ruoyi.vip/assets/js/32.4f6b77c6.js]
[doc.ruoyi.vip/assets/js/34.a2c5b58c.js]
[doc.ruoyi.vip/assets/js/33.b5d2e734.js]
[doc.ruoyi.vip/assets/js/31.e1647f8f.js]
[doc.ruoyi.vip/assets/js/37.313b69e3.js]
[doc.ruoyi.vip/assets/js/36.65ff3237.js]
[doc.ruoyi.vip/assets/js/35.f3cc01c6.js]
[doc.ruoyi.vip/assets/js/4.8dde3d3d.js]
[doc.ruoyi.vip/assets/js/41.d9f8bb6f.js]
[doc.ruoyi.vip/assets/js/39.7c8f7d74.js]
[doc.ruoyi.vip/assets/js/42.5d3017ea.js]
[doc.ruoyi.vip/assets/js/44.f0e8ee0c.js]
[doc.ruoyi.vip/assets/js/38.881ce7c5.js]
[doc.ruoyi.vip/assets/js/43.8590fc5e.js]
[doc.ruoyi.vip/assets/js/46.0d540bee.js]
[doc.ruoyi.vip/assets/js/45.4c55577f.js]
[doc.ruoyi.vip/assets/js/40.c1539c3d.js]
[doc.ruoyi.vip/assets/js/48.3d208697.js]
[doc.ruoyi.vip/assets/js/5.12a29fb3.js]
[doc.ruoyi.vip/assets/js/49.00820abf.js]
[doc.ruoyi.vip/assets/js/50.d89abcd3.js]
[doc.ruoyi.vip/assets/js/51.e31b866c.js]
[doc.ruoyi.vip/assets/js/52.45849a13.js]
[doc.ruoyi.vip/assets/js/47.4e5c3e43.js]
[doc.ruoyi.vip/assets/js/53.17464be5.js]
[doc.ruoyi.vip/assets/js/54.dfd573e6.js]
[doc.ruoyi.vip/assets/js/57.1eaf8f7c.js]
[doc.ruoyi.vip/assets/js/56.80790d5c.js]
[doc.ruoyi.vip/assets/js/59.057607cf.js]
[doc.ruoyi.vip/assets/js/6.cadd0cc0.js]
[doc.ruoyi.vip/assets/js/58.2b3b4728.js]
[doc.ruoyi.vip/assets/js/61.57613f73.js]
[doc.ruoyi.vip/assets/js/63.855a1c1d.js]
[doc.ruoyi.vip/assets/js/62.75745127.js]
[doc.ruoyi.vip/assets/js/55.b3bbf0a5.js]
[doc.ruoyi.vip/assets/js/60.84f3e050.js]
[doc.ruoyi.vip/assets/js/64.33f8ed8a.js]
[doc.ruoyi.vip/assets/js/65.1a7c6f98.js]
[doc.ruoyi.vip/assets/js/7.be146951.js]
[doc.ruoyi.vip/assets/js/69.430e8668.js]
[doc.ruoyi.vip/assets/js/70.0a87b0a8.js]
[doc.ruoyi.vip/assets/js/71.4ffb393e.js]
[doc.ruoyi.vip/assets/js/66.8c16f51d.js]
[doc.ruoyi.vip/assets/js/73.b1028cc3.js]
[doc.ruoyi.vip/assets/js/75.aa39c9d9.js]
[doc.ruoyi.vip/assets/js/76.963cbbf5.js]
[doc.ruoyi.vip/assets/js/74.33e7f60b.js]
[doc.ruoyi.vip/assets/js/72.55693852.js]
[doc.ruoyi.vip/assets/js/68.5296fd7b.js]
[doc.ruoyi.vip/assets/js/77.de51c607.js]
[doc.ruoyi.vip/assets/js/78.1085add2.js]
[doc.ruoyi.vip/assets/js/8.f2529c4c.js]
[doc.ruoyi.vip/assets/js/80.2dfe3719.js]
[doc.ruoyi.vip/ruoyi/document/xmkz.html]
[doc.ruoyi.vip/assets/js/9.04be616a.js]
[doc.ruoyi.vip/assets/js/79.33c6febb.js]
[doc.ruoyi.vip/ruoyi/other/faq.html]
[doc.ruoyi.vip/ruoyi/document/kslj.html]
[doc.ruoyi.vip/ruoyi/document/xmjs.html]
[doc.ruoyi.vip/ruoyi/document/hjbs.html]
[doc.ruoyi.vip/ruoyi/document/htsc.html]
[doc.ruoyi.vip/ruoyi/document/qdsc.html]
[doc.ruoyi.vip/ruoyi/document/gnzj.html]
[doc.ruoyi.vip/ruoyi/document/mbyq.html]
[doc.ruoyi.vip/ruoyi/document/zjwd.html]
[doc.ruoyi.vip/ruoyi/document/cjjc.html]
[doc.ruoyi.vip/ruoyi/document/spjc.html]
[doc.ruoyi.vip/assets/js/81.550ca95e.js]
[doc.ruoyi.vip/ruoyi/index.html]
[doc.ruoyi.vip/images/small.png]
[doc.ruoyi.vip/css/ruoyi.css]
[doc.ruoyi.vip/assets/css/0.styles.495d9abf.css]
[doc.ruoyi.vip/ruoyi/document/xmkz.html]
[doc.ruoyi.vip/ruoyi/other/donate.html]
[doc.ruoyi.vip/ruoyi/document/gxrz.html]
[doc.ruoyi.vip/ruoyi/other/faq.html]
[doc.ruoyi.vip/ruoyi/document/kslj.html]
[doc.ruoyi.vip/ruoyi/document/hjbs.html]
[doc.ruoyi.vip/ruoyi/document/xmjs.html]
[foruda.gitee.com/images/1688696234292591983/37014468_1151004.png]
[doc.ruoyi.vip/ruoyi/document/htsc.html]
[foruda.gitee.com/images/1688696192945724821/bf7fef4a_1151004.png]
[doc.ruoyi.vip/ruoyi/document/qdsc.html]
[doc.ruoyi.vip/ruoyi/document/gnzj.html]
[doc.ruoyi.vip/ruoyi/document/mbyq.html]
[doc.ruoyi.vip/ruoyi/document/zjwd.html]
[foruda.gitee.com/images/1688696299478790759/4d438c10_1151004.png]
[doc.ruoyi.vip/ruoyi/document/cjjc.html]
[foruda.gitee.com/images/1688696147578835146/a9f700f8_1151004.png]
[doc.ruoyi.vip/ruoyi/document/spjc.html]
[doc.ruoyi.vip/ruoyi/document/gxrz.html]
[foruda.gitee.com/images/1688695589833019865/0f38dcf8_1151004.png]
[doc.ruoyi.vip/ruoyi/other/donate.html]
